// Jest Snapshot v1, https://goo.gl/fbAQLP

exports[`ModelDefinition create() collection properties with data should create a ModelCollectionProperty with the correct values 1`] = `
Array [
  Model {
    "access": undefined,
    "attributeValues": undefined,
    "birthday": undefined,
    "code": undefined,
    "created": undefined,
    "dataViewOrganisationUnits": ModelCollectionProperty {},
    "displayName": undefined,
    "education": undefined,
    "email": undefined,
    "employer": undefined,
    "externalAccess": undefined,
    "firstName": undefined,
    "gender": undefined,
    "href": undefined,
    "id": undefined,
    "interests": undefined,
    "introduction": undefined,
    "jobTitle": undefined,
    "languages": undefined,
    "lastCheckedInterpretations": undefined,
    "lastUpdated": undefined,
    "name": undefined,
    "nationality": undefined,
    "organisationUnits": ModelCollectionProperty {},
    "phoneNumber": undefined,
    "publicAccess": undefined,
    "surname": undefined,
    "teiSearchOrganisationUnits": ModelCollectionProperty {},
    "user": undefined,
    "userCredentials": undefined,
    "userGroupAccesses": undefined,
    "userGroups": undefined,
  },
  OrganisationUnitModelDefinition {
    "apiEndpoint": "http://localhost:8080/dhis/api/organisationUnits",
    "attributeProperties": Object {},
    "authorities": Array [
      Object {
        "authorities": Array [
          "F_ORGANISATIONUNIT_ADD",
        ],
        "type": "CREATE",
      },
      Object {
        "authorities": Array [
          "F_ORGANISATIONUNIT_DELETE",
        ],
        "type": "DELETE",
      },
    ],
    "displayName": "Organisation Unit",
    "filters": Filters {
      "filters": Array [],
      "modelDefinition": [Circular],
      "rootJunction": null,
    },
    "getOwnedPropertyJSON": [Function],
    "identifiableObject": true,
    "isMetaData": true,
    "isShareable": false,
    "javaClass": "org.hisp.dhis.organisationunit.OrganisationUnit",
    "modelProperties": Object {
      "access": Object {
        "configurable": false,
        "constants": Array [],
        "enumerable": true,
        "get": [Function],
        "set": [Function],
      },
      "address": Object {
        "configurable": false,
        "constants": Array [],
        "enumerable": true,
        "get": [Function],
        "set": [Function],
      },
      "aggregationType": Object {
        "configurable": false,
        "constants": Array [
          "SUM",
          "AVERAGE",
          "AVERAGE_SUM_ORG_UNIT",
          "COUNT",
          "STDDEV",
          "VARIANCE",
          "MIN",
          "MAX",
          "NONE",
          "DEFAULT",
          "CUSTOM",
          "AVERAGE_SUM_INT",
          "AVERAGE_SUM_INT_DISAGGREGATION",
          "AVERAGE_INT",
          "AVERAGE_INT_DISAGGREGATION",
          "AVERAGE_BOOL",
        ],
        "enumerable": true,
        "get": [Function],
        "set": [Function],
      },
      "ancestors": Object {
        "configurable": false,
        "constants": Array [],
        "enumerable": true,
        "get": [Function],
      },
      "attributeValues": Object {
        "configurable": false,
        "constants": Array [],
        "enumerable": true,
        "get": [Function],
        "set": [Function],
      },
      "children": Object {
        "configurable": false,
        "constants": Array [],
        "enumerable": true,
        "get": [Function],
        "set": [Function],
      },
      "closedDate": Object {
        "configurable": false,
        "constants": Array [],
        "enumerable": true,
        "get": [Function],
        "set": [Function],
      },
      "code": Object {
        "configurable": false,
        "constants": Array [],
        "enumerable": true,
        "get": [Function],
        "set": [Function],
      },
      "comment": Object {
        "configurable": false,
        "constants": Array [],
        "enumerable": true,
        "get": [Function],
        "set": [Function],
      },
      "contactPerson": Object {
        "configurable": false,
        "constants": Array [],
        "enumerable": true,
        "get": [Function],
        "set": [Function],
      },
      "coordinates": Object {
        "configurable": false,
        "constants": Array [],
        "enumerable": true,
        "get": [Function],
        "set": [Function],
      },
      "created": Object {
        "configurable": false,
        "constants": Array [],
        "enumerable": true,
        "get": [Function],
        "set": [Function],
      },
      "dataSets": Object {
        "configurable": false,
        "constants": Array [],
        "enumerable": true,
        "get": [Function],
        "set": [Function],
      },
      "description": Object {
        "configurable": false,
        "constants": Array [],
        "enumerable": true,
        "get": [Function],
        "set": [Function],
      },
      "dimensionItem": Object {
        "configurable": false,
        "constants": Array [],
        "enumerable": true,
        "get": [Function],
        "set": [Function],
      },
      "dimensionType": Object {
        "configurable": false,
        "constants": Array [
          "DATA_X",
          "PROGRAM_DATAELEMENT",
          "PROGRAM_ATTRIBUTE",
          "PROGRAM_INDICATOR",
          "DATA_COLLAPSED",
          "CATEGORY_OPTION_COMBO",
          "ATTRIBUTE_OPTION_COMBO",
          "PERIOD",
          "ORGANISATIONUNIT",
          "CATEGORYOPTION_GROUPSET",
          "DATAELEMENT_GROUPSET",
          "ORGANISATIONUNIT_GROUPSET",
          "CATEGORY",
          "STATIC",
        ],
        "enumerable": true,
        "get": [Function],
        "set": [Function],
      },
      "displayDescription": Object {
        "configurable": false,
        "constants": Array [],
        "enumerable": true,
        "get": [Function],
        "set": [Function],
      },
      "displayName": Object {
        "configurable": false,
        "constants": Array [],
        "enumerable": true,
        "get": [Function],
        "set": [Function],
      },
      "displayShortName": Object {
        "configurable": false,
        "constants": Array [],
        "enumerable": true,
        "get": [Function],
        "set": [Function],
      },
      "email": Object {
        "configurable": false,
        "constants": Array [],
        "enumerable": true,
        "get": [Function],
        "set": [Function],
      },
      "externalAccess": Object {
        "configurable": false,
        "constants": Array [],
        "enumerable": true,
        "get": [Function],
        "set": [Function],
      },
      "featureType": Object {
        "configurable": false,
        "constants": Array [
          "NONE",
          "MULTI_POLYGON",
          "POLYGON",
          "POINT",
          "SYMBOL",
        ],
        "enumerable": true,
        "get": [Function],
        "set": [Function],
      },
      "href": Object {
        "configurable": false,
        "constants": Array [],
        "enumerable": true,
        "get": [Function],
        "set": [Function],
      },
      "id": Object {
        "configurable": false,
        "constants": Array [],
        "enumerable": true,
        "get": [Function],
        "set": [Function],
      },
      "lastUpdated": Object {
        "configurable": false,
        "constants": Array [],
        "enumerable": true,
        "get": [Function],
        "set": [Function],
      },
      "legendSet": Object {
        "configurable": false,
        "constants": Array [],
        "enumerable": true,
        "get": [Function],
        "set": [Function],
      },
      "level": Object {
        "configurable": false,
        "constants": Array [],
        "enumerable": true,
        "get": [Function],
      },
      "name": Object {
        "configurable": false,
        "constants": Array [],
        "enumerable": true,
        "get": [Function],
        "set": [Function],
      },
      "openingDate": Object {
        "configurable": false,
        "constants": Array [],
        "enumerable": true,
        "get": [Function],
        "set": [Function],
      },
      "organisationUnitGroups": Object {
        "configurable": false,
        "constants": Array [],
        "enumerable": true,
        "get": [Function],
        "set": [Function],
      },
      "parent": Object {
        "configurable": false,
        "constants": Array [],
        "enumerable": true,
        "get": [Function],
        "set": [Function],
      },
      "path": Object {
        "configurable": false,
        "constants": Array [],
        "enumerable": true,
        "get": [Function],
        "set": [Function],
      },
      "phoneNumber": Object {
        "configurable": false,
        "constants": Array [],
        "enumerable": true,
        "get": [Function],
        "set": [Function],
      },
      "programs": Object {
        "configurable": false,
        "constants": Array [],
        "enumerable": true,
        "get": [Function],
        "set": [Function],
      },
      "publicAccess": Object {
        "configurable": false,
        "constants": Array [],
        "enumerable": true,
        "get": [Function],
        "set": [Function],
      },
      "shortName": Object {
        "configurable": false,
        "constants": Array [],
        "enumerable": true,
        "get": [Function],
        "set": [Function],
      },
      "type": Object {
        "configurable": false,
        "constants": Array [],
        "enumerable": true,
        "get": [Function],
        "set": [Function],
      },
      "url": Object {
        "configurable": false,
        "constants": Array [],
        "enumerable": true,
        "get": [Function],
        "set": [Function],
      },
      "user": Object {
        "configurable": false,
        "constants": Array [],
        "enumerable": true,
        "get": [Function],
        "set": [Function],
      },
      "userGroupAccesses": Object {
        "configurable": false,
        "constants": Array [],
        "enumerable": true,
        "get": [Function],
        "set": [Function],
      },
      "users": Object {
        "configurable": false,
        "constants": Array [],
        "enumerable": true,
        "get": [Function],
        "set": [Function],
      },
      "uuid": Object {
        "configurable": false,
        "constants": Array [],
        "enumerable": true,
        "get": [Function],
        "set": [Function],
      },
    },
    "modelValidations": Object {
      "access": Object {
        "embeddedObject": false,
        "max": 2147483647,
        "min": 0,
        "ordered": false,
        "owner": false,
        "persisted": false,
        "required": false,
        "type": "COMPLEX",
        "unique": false,
        "writable": true,
      },
      "address": Object {
        "embeddedObject": false,
        "max": 255,
        "min": 0,
        "ordered": false,
        "owner": true,
        "persisted": true,
        "required": false,
        "type": "TEXT",
        "unique": false,
        "writable": true,
      },
      "aggregationType": Object {
        "embeddedObject": false,
        "max": undefined,
        "min": undefined,
        "ordered": false,
        "owner": false,
        "persisted": false,
        "required": false,
        "type": "CONSTANT",
        "unique": false,
        "writable": true,
      },
      "ancestors": Object {
        "embeddedObject": false,
        "max": undefined,
        "min": undefined,
        "ordered": false,
        "owner": false,
        "persisted": false,
        "referenceType": "organisationUnit",
        "required": false,
        "type": "COLLECTION",
        "unique": false,
        "writable": false,
      },
      "attributeValues": Object {
        "embeddedObject": false,
        "max": 2147483647,
        "min": 0,
        "ordered": false,
        "owner": true,
        "persisted": true,
        "required": false,
        "type": "COLLECTION",
        "unique": false,
        "writable": true,
      },
      "children": Object {
        "embeddedObject": false,
        "max": 2147483647,
        "min": 0,
        "ordered": false,
        "owner": false,
        "persisted": true,
        "referenceType": "organisationUnit",
        "required": false,
        "type": "COLLECTION",
        "unique": false,
        "writable": true,
      },
      "closedDate": Object {
        "embeddedObject": false,
        "max": undefined,
        "min": undefined,
        "ordered": false,
        "owner": true,
        "persisted": true,
        "required": false,
        "type": "DATE",
        "unique": false,
        "writable": true,
      },
      "code": Object {
        "embeddedObject": false,
        "max": 50,
        "min": 0,
        "ordered": false,
        "owner": true,
        "persisted": true,
        "required": false,
        "type": "IDENTIFIER",
        "unique": true,
        "writable": true,
      },
      "comment": Object {
        "embeddedObject": false,
        "max": 2147483647,
        "min": 2,
        "ordered": false,
        "owner": true,
        "persisted": true,
        "required": false,
        "type": "TEXT",
        "unique": false,
        "writable": true,
      },
      "contactPerson": Object {
        "embeddedObject": false,
        "max": 255,
        "min": 0,
        "ordered": false,
        "owner": true,
        "persisted": true,
        "required": false,
        "type": "TEXT",
        "unique": false,
        "writable": true,
      },
      "coordinates": Object {
        "embeddedObject": false,
        "max": 2147483647,
        "min": 0,
        "ordered": false,
        "owner": true,
        "persisted": true,
        "required": false,
        "type": "GEOLOCATION",
        "unique": false,
        "writable": true,
      },
      "created": Object {
        "embeddedObject": false,
        "max": undefined,
        "min": undefined,
        "ordered": false,
        "owner": true,
        "persisted": true,
        "required": false,
        "type": "DATE",
        "unique": false,
        "writable": true,
      },
      "dataSets": Object {
        "embeddedObject": false,
        "max": 2147483647,
        "min": 0,
        "ordered": false,
        "owner": false,
        "persisted": true,
        "referenceType": "dataSet",
        "required": false,
        "type": "COLLECTION",
        "unique": false,
        "writable": true,
      },
      "description": Object {
        "embeddedObject": false,
        "max": 2147483647,
        "min": 1,
        "ordered": false,
        "owner": true,
        "persisted": true,
        "required": false,
        "type": "TEXT",
        "unique": false,
        "writable": true,
      },
      "dimensionItem": Object {
        "embeddedObject": false,
        "max": 2147483647,
        "min": 0,
        "ordered": false,
        "owner": false,
        "persisted": false,
        "required": false,
        "type": "TEXT",
        "unique": false,
        "writable": true,
      },
      "dimensionType": Object {
        "embeddedObject": false,
        "max": undefined,
        "min": undefined,
        "ordered": false,
        "owner": false,
        "persisted": false,
        "required": false,
        "type": "CONSTANT",
        "unique": false,
        "writable": true,
      },
      "displayDescription": Object {
        "embeddedObject": false,
        "max": 2147483647,
        "min": 0,
        "ordered": false,
        "owner": false,
        "persisted": false,
        "required": false,
        "type": "TEXT",
        "unique": false,
        "writable": true,
      },
      "displayName": Object {
        "embeddedObject": false,
        "max": 2147483647,
        "min": 0,
        "ordered": false,
        "owner": false,
        "persisted": false,
        "required": false,
        "type": "TEXT",
        "unique": false,
        "writable": true,
      },
      "displayShortName": Object {
        "embeddedObject": false,
        "max": 2147483647,
        "min": 0,
        "ordered": false,
        "owner": false,
        "persisted": false,
        "required": false,
        "type": "TEXT",
        "unique": false,
        "writable": true,
      },
      "email": Object {
        "embeddedObject": false,
        "max": 150,
        "min": 0,
        "ordered": false,
        "owner": true,
        "persisted": true,
        "required": false,
        "type": "EMAIL",
        "unique": false,
        "writable": true,
      },
      "externalAccess": Object {
        "embeddedObject": false,
        "max": undefined,
        "min": undefined,
        "ordered": false,
        "owner": false,
        "persisted": false,
        "required": false,
        "type": "BOOLEAN",
        "unique": false,
        "writable": true,
      },
      "featureType": Object {
        "embeddedObject": false,
        "max": undefined,
        "min": undefined,
        "ordered": false,
        "owner": true,
        "persisted": true,
        "required": false,
        "type": "CONSTANT",
        "unique": false,
        "writable": true,
      },
      "href": Object {
        "embeddedObject": false,
        "max": 2147483647,
        "min": 0,
        "ordered": false,
        "owner": false,
        "persisted": false,
        "required": false,
        "type": "URL",
        "unique": false,
        "writable": true,
      },
      "id": Object {
        "embeddedObject": false,
        "max": 11,
        "min": 11,
        "ordered": false,
        "owner": true,
        "persisted": true,
        "required": false,
        "type": "IDENTIFIER",
        "unique": true,
        "writable": true,
      },
      "lastUpdated": Object {
        "embeddedObject": false,
        "max": undefined,
        "min": undefined,
        "ordered": false,
        "owner": true,
        "persisted": true,
        "required": false,
        "type": "DATE",
        "unique": false,
        "writable": true,
      },
      "legendSet": Object {
        "embeddedObject": false,
        "max": undefined,
        "min": undefined,
        "ordered": false,
        "owner": false,
        "persisted": false,
        "referenceType": "legendSet",
        "required": false,
        "type": "REFERENCE",
        "unique": false,
        "writable": true,
      },
      "level": Object {
        "embeddedObject": false,
        "max": undefined,
        "min": undefined,
        "ordered": false,
        "owner": false,
        "persisted": false,
        "required": false,
        "type": "INTEGER",
        "unique": false,
        "writable": false,
      },
      "name": Object {
        "embeddedObject": false,
        "max": 230,
        "min": 1,
        "ordered": false,
        "owner": true,
        "persisted": true,
        "required": true,
        "type": "TEXT",
        "unique": false,
        "writable": true,
      },
      "openingDate": Object {
        "embeddedObject": false,
        "max": undefined,
        "min": undefined,
        "ordered": false,
        "owner": true,
        "persisted": true,
        "required": true,
        "type": "DATE",
        "unique": false,
        "writable": true,
      },
      "organisationUnitGroups": Object {
        "embeddedObject": false,
        "max": 2147483647,
        "min": 0,
        "ordered": false,
        "owner": false,
        "persisted": true,
        "referenceType": "organisationUnitGroup",
        "required": false,
        "type": "COLLECTION",
        "unique": false,
        "writable": true,
      },
      "parent": Object {
        "embeddedObject": false,
        "max": undefined,
        "min": undefined,
        "ordered": false,
        "owner": true,
        "persisted": true,
        "referenceType": "organisationUnit",
        "required": false,
        "type": "REFERENCE",
        "unique": false,
        "writable": true,
      },
      "path": Object {
        "embeddedObject": false,
        "max": 255,
        "min": 0,
        "ordered": false,
        "owner": true,
        "persisted": true,
        "required": false,
        "type": "TEXT",
        "unique": true,
        "writable": true,
      },
      "phoneNumber": Object {
        "embeddedObject": false,
        "max": 150,
        "min": 0,
        "ordered": false,
        "owner": true,
        "persisted": true,
        "required": false,
        "type": "PHONENUMBER",
        "unique": false,
        "writable": true,
      },
      "programs": Object {
        "embeddedObject": false,
        "max": 2147483647,
        "min": 0,
        "ordered": false,
        "owner": false,
        "persisted": true,
        "referenceType": "program",
        "required": false,
        "type": "COLLECTION",
        "unique": false,
        "writable": true,
      },
      "publicAccess": Object {
        "embeddedObject": false,
        "max": 8,
        "min": 8,
        "ordered": false,
        "owner": false,
        "persisted": false,
        "required": false,
        "type": "TEXT",
        "unique": false,
        "writable": true,
      },
      "shortName": Object {
        "embeddedObject": false,
        "max": 50,
        "min": 1,
        "ordered": false,
        "owner": true,
        "persisted": true,
        "required": true,
        "type": "TEXT",
        "unique": false,
        "writable": true,
      },
      "type": Object {
        "embeddedObject": false,
        "max": 2147483647,
        "min": 0,
        "ordered": false,
        "owner": false,
        "persisted": false,
        "required": false,
        "type": "TEXT",
        "unique": false,
        "writable": true,
      },
      "url": Object {
        "embeddedObject": false,
        "max": 255,
        "min": 0,
        "ordered": false,
        "owner": true,
        "persisted": true,
        "required": false,
        "type": "URL",
        "unique": false,
        "writable": true,
      },
      "user": Object {
        "embeddedObject": false,
        "max": undefined,
        "min": undefined,
        "ordered": false,
        "owner": true,
        "persisted": true,
        "referenceType": "user",
        "required": false,
        "type": "REFERENCE",
        "unique": false,
        "writable": true,
      },
      "userGroupAccesses": Object {
        "embeddedObject": false,
        "max": 2147483647,
        "min": 0,
        "ordered": false,
        "owner": false,
        "persisted": false,
        "required": false,
        "type": "COLLECTION",
        "unique": false,
        "writable": true,
      },
      "users": Object {
        "embeddedObject": false,
        "max": 2147483647,
        "min": 0,
        "ordered": false,
        "owner": false,
        "persisted": true,
        "referenceType": "user",
        "required": false,
        "type": "COLLECTION",
        "unique": false,
        "writable": true,
      },
      "uuid": Object {
        "embeddedObject": false,
        "max": 36,
        "min": 36,
        "ordered": false,
        "owner": true,
        "persisted": true,
        "required": false,
        "type": "TEXT",
        "unique": true,
        "writable": true,
      },
    },
    "name": "organisationUnit",
    "plural": "organisationUnits",
    "translatable": false,
  },
  "teiSearchOrganisationUnits",
  undefined,
]
`;

exports[`ModelDefinition create() collection properties without data should create a ModelCollectionProperty without data 1`] = `
Model {
  "access": undefined,
  "attributeValues": undefined,
  "birthday": undefined,
  "code": undefined,
  "created": undefined,
  "dataViewOrganisationUnits": ModelCollectionProperty {},
  "displayName": undefined,
  "education": undefined,
  "email": undefined,
  "employer": undefined,
  "externalAccess": undefined,
  "firstName": undefined,
  "gender": undefined,
  "href": undefined,
  "id": undefined,
  "interests": undefined,
  "introduction": undefined,
  "jobTitle": undefined,
  "languages": undefined,
  "lastCheckedInterpretations": undefined,
  "lastUpdated": undefined,
  "name": undefined,
  "nationality": undefined,
  "organisationUnits": ModelCollectionProperty {},
  "phoneNumber": undefined,
  "publicAccess": undefined,
  "surname": undefined,
  "teiSearchOrganisationUnits": ModelCollectionProperty {},
  "user": undefined,
  "userCredentials": undefined,
  "userGroupAccesses": undefined,
  "userGroups": undefined,
}
`;

exports[`ModelDefinition list should call the model collection constructor with the correct data 1`] = `
Array [
  ModelDefinition {
    "apiEndpoint": "https://play.dhis2.org/demo/api/dataElements",
    "attributeProperties": Object {},
    "authorities": Array [
      Object {
        "authorities": Array [
          "F_DATAELEMENT_PUBLIC_ADD",
        ],
        "type": "CREATE_PUBLIC",
      },
      Object {
        "authorities": Array [
          "F_DATAELEMENT_PRIVATE_ADD",
        ],
        "type": "CREATE_PRIVATE",
      },
      Object {
        "authorities": Array [
          "F_DATAELEMENT_DELETE",
        ],
        "type": "DELETE",
      },
    ],
    "displayName": undefined,
    "filters": Filters {
      "filters": Array [],
      "modelDefinition": [Circular],
      "rootJunction": null,
    },
    "getOwnedPropertyJSON": [Function],
    "identifiableObject": true,
    "isMetaData": true,
    "isShareable": true,
    "javaClass": "org.hisp.dhis.dataelement.DataElement",
    "modelProperties": Object {
      "access": Object {
        "configurable": false,
        "constants": Array [],
        "enumerable": true,
        "get": [Function],
        "set": [Function],
      },
      "aggregationLevels": Object {
        "configurable": false,
        "constants": Array [],
        "enumerable": true,
        "get": [Function],
        "set": [Function],
      },
      "aggregationType": Object {
        "configurable": false,
        "constants": Array [
          "SUM",
          "AVERAGE",
          "AVERAGE_SUM_ORG_UNIT",
          "COUNT",
          "STDDEV",
          "VARIANCE",
          "MIN",
          "MAX",
          "NONE",
          "CUSTOM",
          "DEFAULT",
          "AVERAGE_SUM_INT",
          "AVERAGE_SUM_INT_DISAGGREGATION",
          "AVERAGE_INT",
          "AVERAGE_INT_DISAGGREGATION",
          "AVERAGE_BOOL",
        ],
        "enumerable": true,
        "get": [Function],
        "set": [Function],
      },
      "attributeValues": Object {
        "configurable": false,
        "constants": Array [],
        "enumerable": true,
        "get": [Function],
        "set": [Function],
      },
      "categoryCombo": Object {
        "configurable": false,
        "constants": Array [],
        "enumerable": true,
        "get": [Function],
        "set": [Function],
      },
      "code": Object {
        "configurable": false,
        "constants": Array [],
        "enumerable": true,
        "get": [Function],
        "set": [Function],
      },
      "commentOptionSet": Object {
        "configurable": false,
        "constants": Array [],
        "enumerable": true,
        "get": [Function],
        "set": [Function],
      },
      "created": Object {
        "configurable": false,
        "constants": Array [],
        "enumerable": true,
        "get": [Function],
        "set": [Function],
      },
      "dataElementGroups": Object {
        "configurable": false,
        "constants": Array [],
        "enumerable": true,
        "get": [Function],
        "set": [Function],
      },
      "dataSetElements": Object {
        "configurable": false,
        "constants": Array [],
        "enumerable": true,
        "get": [Function],
        "set": [Function],
      },
      "description": Object {
        "configurable": false,
        "constants": Array [],
        "enumerable": true,
        "get": [Function],
        "set": [Function],
      },
      "dimensionItem": Object {
        "configurable": false,
        "constants": Array [],
        "enumerable": true,
        "get": [Function],
      },
      "dimensionItemType": Object {
        "configurable": false,
        "constants": Array [
          "DATA_ELEMENT",
          "DATA_ELEMENT_OPERAND",
          "INDICATOR",
          "REPORTING_RATE",
          "PROGRAM_DATA_ELEMENT",
          "PROGRAM_ATTRIBUTE",
          "PROGRAM_INDICATOR",
          "PERIOD",
          "ORGANISATION_UNIT",
          "CATEGORY_OPTION",
          "OPTION_GROUP",
          "DATA_ELEMENT_GROUP",
          "ORGANISATION_UNIT_GROUP",
          "CATEGORY_OPTION_GROUP",
        ],
        "enumerable": true,
        "get": [Function],
        "set": [Function],
      },
      "displayDescription": Object {
        "configurable": false,
        "constants": Array [],
        "enumerable": true,
        "get": [Function],
        "set": [Function],
      },
      "displayFormName": Object {
        "configurable": false,
        "constants": Array [],
        "enumerable": true,
        "get": [Function],
        "set": [Function],
      },
      "displayName": Object {
        "configurable": false,
        "constants": Array [],
        "enumerable": true,
        "get": [Function],
        "set": [Function],
      },
      "displayShortName": Object {
        "configurable": false,
        "constants": Array [],
        "enumerable": true,
        "get": [Function],
        "set": [Function],
      },
      "domainType": Object {
        "configurable": false,
        "constants": Array [
          "AGGREGATE",
          "TRACKER",
        ],
        "enumerable": true,
        "get": [Function],
        "set": [Function],
      },
      "externalAccess": Object {
        "configurable": false,
        "constants": Array [],
        "enumerable": true,
        "get": [Function],
        "set": [Function],
      },
      "formName": Object {
        "configurable": false,
        "constants": Array [],
        "enumerable": true,
        "get": [Function],
        "set": [Function],
      },
      "href": Object {
        "configurable": false,
        "constants": Array [],
        "enumerable": true,
        "get": [Function],
        "set": [Function],
      },
      "id": Object {
        "configurable": false,
        "constants": Array [],
        "enumerable": true,
        "get": [Function],
        "set": [Function],
      },
      "lastUpdated": Object {
        "configurable": false,
        "constants": Array [],
        "enumerable": true,
        "get": [Function],
        "set": [Function],
      },
      "legendSet": Object {
        "configurable": false,
        "constants": Array [],
        "enumerable": true,
        "get": [Function],
      },
      "legendSets": Object {
        "configurable": false,
        "constants": Array [],
        "enumerable": true,
        "get": [Function],
        "set": [Function],
      },
      "name": Object {
        "configurable": false,
        "constants": Array [],
        "enumerable": true,
        "get": [Function],
        "set": [Function],
      },
      "optionSet": Object {
        "configurable": false,
        "constants": Array [],
        "enumerable": true,
        "get": [Function],
        "set": [Function],
      },
      "optionSetValue": Object {
        "configurable": false,
        "constants": Array [],
        "enumerable": true,
        "get": [Function],
      },
      "publicAccess": Object {
        "configurable": false,
        "constants": Array [],
        "enumerable": true,
        "get": [Function],
        "set": [Function],
      },
      "shortName": Object {
        "configurable": false,
        "constants": Array [],
        "enumerable": true,
        "get": [Function],
        "set": [Function],
      },
      "translations": Object {
        "configurable": false,
        "constants": Array [],
        "enumerable": true,
        "get": [Function],
        "set": [Function],
      },
      "url": Object {
        "configurable": false,
        "constants": Array [],
        "enumerable": true,
        "get": [Function],
        "set": [Function],
      },
      "user": Object {
        "configurable": false,
        "constants": Array [],
        "enumerable": true,
        "get": [Function],
        "set": [Function],
      },
      "userAccesses": Object {
        "configurable": false,
        "constants": Array [],
        "enumerable": true,
        "get": [Function],
        "set": [Function],
      },
      "userGroupAccesses": Object {
        "configurable": false,
        "constants": Array [],
        "enumerable": true,
        "get": [Function],
        "set": [Function],
      },
      "valueType": Object {
        "configurable": false,
        "constants": Array [
          "TEXT",
          "LONG_TEXT",
          "LETTER",
          "PHONE_NUMBER",
          "EMAIL",
          "BOOLEAN",
          "TRUE_ONLY",
          "DATE",
          "DATETIME",
          "TIME",
          "NUMBER",
          "UNIT_INTERVAL",
          "PERCENTAGE",
          "INTEGER",
          "INTEGER_POSITIVE",
          "INTEGER_NEGATIVE",
          "INTEGER_ZERO_OR_POSITIVE",
          "TRACKER_ASSOCIATE",
          "USERNAME",
          "FILE_RESOURCE",
          "COORDINATE",
          "ORGANISATION_UNIT",
        ],
        "enumerable": true,
        "get": [Function],
        "set": [Function],
      },
      "zeroIsSignificant": Object {
        "configurable": false,
        "constants": Array [],
        "enumerable": true,
        "get": [Function],
        "set": [Function],
      },
    },
    "modelValidations": Object {
      "access": Object {
        "embeddedObject": false,
        "max": 1.7976931348623157e+308,
        "min": 0,
        "ordered": false,
        "owner": false,
        "persisted": false,
        "required": false,
        "type": "COMPLEX",
        "unique": false,
        "writable": true,
      },
      "aggregationLevels": Object {
        "embeddedObject": false,
        "max": 1.7976931348623157e+308,
        "min": 0,
        "ordered": true,
        "owner": true,
        "persisted": true,
        "required": false,
        "type": "COLLECTION",
        "unique": false,
        "writable": true,
      },
      "aggregationType": Object {
        "embeddedObject": false,
        "max": undefined,
        "min": undefined,
        "ordered": false,
        "owner": true,
        "persisted": true,
        "required": true,
        "type": "CONSTANT",
        "unique": false,
        "writable": true,
      },
      "attributeValues": Object {
        "embeddedObject": false,
        "max": 1.7976931348623157e+308,
        "min": 0,
        "ordered": false,
        "owner": true,
        "persisted": true,
        "required": false,
        "type": "COLLECTION",
        "unique": false,
        "writable": true,
      },
      "categoryCombo": Object {
        "embeddedObject": false,
        "max": undefined,
        "min": undefined,
        "ordered": false,
        "owner": true,
        "persisted": true,
        "referenceType": "categoryCombo",
        "required": true,
        "type": "REFERENCE",
        "unique": false,
        "writable": true,
      },
      "code": Object {
        "embeddedObject": false,
        "max": 50,
        "min": 0,
        "ordered": false,
        "owner": true,
        "persisted": true,
        "required": false,
        "type": "IDENTIFIER",
        "unique": true,
        "writable": true,
      },
      "commentOptionSet": Object {
        "embeddedObject": false,
        "max": undefined,
        "min": undefined,
        "ordered": false,
        "owner": true,
        "persisted": true,
        "referenceType": "optionSet",
        "required": false,
        "type": "REFERENCE",
        "unique": false,
        "writable": true,
      },
      "created": Object {
        "embeddedObject": false,
        "max": undefined,
        "min": undefined,
        "ordered": false,
        "owner": true,
        "persisted": true,
        "required": false,
        "type": "DATE",
        "unique": false,
        "writable": true,
      },
      "dataElementGroups": Object {
        "embeddedObject": false,
        "max": 1.7976931348623157e+308,
        "min": 0,
        "ordered": false,
        "owner": false,
        "persisted": true,
        "referenceType": "dataElementGroup",
        "required": false,
        "type": "COLLECTION",
        "unique": false,
        "writable": true,
      },
      "dataSetElements": Object {
        "embeddedObject": false,
        "max": 1.7976931348623157e+308,
        "min": 0,
        "ordered": false,
        "owner": false,
        "persisted": true,
        "referenceType": "dataSetElement",
        "required": false,
        "type": "COLLECTION",
        "unique": false,
        "writable": true,
      },
      "description": Object {
        "embeddedObject": false,
        "max": 2147483647,
        "min": 1,
        "ordered": false,
        "owner": true,
        "persisted": true,
        "required": false,
        "type": "TEXT",
        "unique": false,
        "writable": true,
      },
      "dimensionItem": Object {
        "embeddedObject": false,
        "max": undefined,
        "min": undefined,
        "ordered": false,
        "owner": false,
        "persisted": false,
        "required": false,
        "type": "TEXT",
        "unique": false,
        "writable": false,
      },
      "dimensionItemType": Object {
        "embeddedObject": false,
        "max": undefined,
        "min": undefined,
        "ordered": false,
        "owner": false,
        "persisted": false,
        "required": false,
        "type": "CONSTANT",
        "unique": false,
        "writable": true,
      },
      "displayDescription": Object {
        "embeddedObject": false,
        "max": 2147483647,
        "min": 0,
        "ordered": false,
        "owner": false,
        "persisted": false,
        "required": false,
        "type": "TEXT",
        "unique": false,
        "writable": true,
      },
      "displayFormName": Object {
        "embeddedObject": false,
        "max": 2147483647,
        "min": 0,
        "ordered": false,
        "owner": false,
        "persisted": false,
        "required": false,
        "type": "TEXT",
        "unique": false,
        "writable": true,
      },
      "displayName": Object {
        "embeddedObject": false,
        "max": 2147483647,
        "min": 0,
        "ordered": false,
        "owner": false,
        "persisted": false,
        "required": false,
        "type": "TEXT",
        "unique": false,
        "writable": true,
      },
      "displayShortName": Object {
        "embeddedObject": false,
        "max": 2147483647,
        "min": 0,
        "ordered": false,
        "owner": false,
        "persisted": false,
        "required": false,
        "type": "TEXT",
        "unique": false,
        "writable": true,
      },
      "domainType": Object {
        "embeddedObject": false,
        "max": undefined,
        "min": undefined,
        "ordered": false,
        "owner": true,
        "persisted": true,
        "required": true,
        "type": "CONSTANT",
        "unique": false,
        "writable": true,
      },
      "externalAccess": Object {
        "embeddedObject": false,
        "max": undefined,
        "min": undefined,
        "ordered": false,
        "owner": false,
        "persisted": false,
        "required": false,
        "type": "BOOLEAN",
        "unique": false,
        "writable": true,
      },
      "formName": Object {
        "embeddedObject": false,
        "max": 2147483647,
        "min": 2,
        "ordered": false,
        "owner": true,
        "persisted": true,
        "required": false,
        "type": "TEXT",
        "unique": false,
        "writable": true,
      },
      "href": Object {
        "embeddedObject": false,
        "max": 1.7976931348623157e+308,
        "min": 0,
        "ordered": false,
        "owner": false,
        "persisted": false,
        "required": false,
        "type": "URL",
        "unique": false,
        "writable": true,
      },
      "id": Object {
        "embeddedObject": false,
        "max": 11,
        "min": 11,
        "ordered": false,
        "owner": true,
        "persisted": true,
        "required": false,
        "type": "IDENTIFIER",
        "unique": true,
        "writable": true,
      },
      "lastUpdated": Object {
        "embeddedObject": false,
        "max": undefined,
        "min": undefined,
        "ordered": false,
        "owner": true,
        "persisted": true,
        "required": false,
        "type": "DATE",
        "unique": false,
        "writable": true,
      },
      "legendSet": Object {
        "embeddedObject": false,
        "max": undefined,
        "min": undefined,
        "ordered": false,
        "owner": false,
        "persisted": false,
        "referenceType": "legendSet",
        "required": false,
        "type": "REFERENCE",
        "unique": false,
        "writable": false,
      },
      "legendSets": Object {
        "embeddedObject": false,
        "max": 1.7976931348623157e+308,
        "min": 0,
        "ordered": true,
        "owner": true,
        "persisted": true,
        "referenceType": "legendSet",
        "required": false,
        "type": "COLLECTION",
        "unique": false,
        "writable": true,
      },
      "name": Object {
        "embeddedObject": false,
        "max": 2147483647,
        "min": 1,
        "ordered": false,
        "owner": true,
        "persisted": true,
        "required": true,
        "type": "TEXT",
        "unique": true,
        "writable": true,
      },
      "optionSet": Object {
        "embeddedObject": false,
        "max": undefined,
        "min": undefined,
        "ordered": false,
        "owner": true,
        "persisted": true,
        "referenceType": "optionSet",
        "required": false,
        "type": "REFERENCE",
        "unique": false,
        "writable": true,
      },
      "optionSetValue": Object {
        "embeddedObject": false,
        "max": undefined,
        "min": undefined,
        "ordered": false,
        "owner": false,
        "persisted": false,
        "required": false,
        "type": "BOOLEAN",
        "unique": false,
        "writable": false,
      },
      "publicAccess": Object {
        "embeddedObject": false,
        "max": 8,
        "min": 8,
        "ordered": false,
        "owner": true,
        "persisted": true,
        "required": false,
        "type": "TEXT",
        "unique": false,
        "writable": true,
      },
      "shortName": Object {
        "embeddedObject": false,
        "max": 2147483647,
        "min": 1,
        "ordered": false,
        "owner": true,
        "persisted": true,
        "required": true,
        "type": "TEXT",
        "unique": true,
        "writable": true,
      },
      "translations": Object {
        "embeddedObject": false,
        "max": 1.7976931348623157e+308,
        "min": 0,
        "ordered": false,
        "owner": true,
        "persisted": true,
        "required": false,
        "type": "COLLECTION",
        "unique": false,
        "writable": true,
      },
      "url": Object {
        "embeddedObject": false,
        "max": 255,
        "min": 0,
        "ordered": false,
        "owner": true,
        "persisted": true,
        "required": false,
        "type": "URL",
        "unique": false,
        "writable": true,
      },
      "user": Object {
        "embeddedObject": false,
        "max": undefined,
        "min": undefined,
        "ordered": false,
        "owner": true,
        "persisted": true,
        "referenceType": "user",
        "required": false,
        "type": "REFERENCE",
        "unique": false,
        "writable": true,
      },
      "userAccesses": Object {
        "embeddedObject": false,
        "max": 1.7976931348623157e+308,
        "min": 0,
        "ordered": false,
        "owner": true,
        "persisted": true,
        "required": false,
        "type": "COLLECTION",
        "unique": false,
        "writable": true,
      },
      "userGroupAccesses": Object {
        "embeddedObject": false,
        "max": 1.7976931348623157e+308,
        "min": 0,
        "ordered": false,
        "owner": true,
        "persisted": true,
        "required": false,
        "type": "COLLECTION",
        "unique": false,
        "writable": true,
      },
      "valueType": Object {
        "embeddedObject": false,
        "max": undefined,
        "min": undefined,
        "ordered": false,
        "owner": true,
        "persisted": true,
        "required": true,
        "type": "CONSTANT",
        "unique": false,
        "writable": true,
      },
      "zeroIsSignificant": Object {
        "embeddedObject": false,
        "max": undefined,
        "min": undefined,
        "ordered": false,
        "owner": true,
        "persisted": true,
        "required": true,
        "type": "BOOLEAN",
        "unique": false,
        "writable": true,
      },
    },
    "name": "dataElement",
    "plural": "dataElements",
    "translatable": true,
  },
  Array [
    Model {
      "access": Object {
        "delete": true,
        "externalize": false,
        "manage": true,
        "read": true,
        "update": true,
        "write": true,
      },
      "aggregationLevels": Array [],
      "aggregationType": undefined,
      "attributeValues": Array [],
      "categoryCombo": Object {
        "created": "2014-01-28T07:43:51.405+0000",
        "id": "bjDvmb4bfuf",
        "lastUpdated": "2014-10-05T13:08:02.114+0000",
        "name": "default",
      },
      "code": "BS_COLL_N_DSD_TARGET",
      "commentOptionSet": undefined,
      "created": "2014-12-21T18:15:50.886+0000",
      "dataElementGroups": Array [],
      "dataSetElements": undefined,
      "description": "Target the total number of blood units that were donated in the country National Blood Transfusion Service (NBTS) network.",
      "dimensionItem": undefined,
      "dimensionItemType": undefined,
      "displayDescription": "Target the total number of blood units that were donated in the country National Blood Transfusion Service (NBTS) network.",
      "displayFormName": undefined,
      "displayName": "BS_COLL (N, DSD) TARGET: Blood Units Donated",
      "displayShortName": "BS_COLL (N, DSD) TARGET",
      "domainType": "AGGREGATE",
      "externalAccess": false,
      "formName": undefined,
      "href": "http://localhost:8080/dhis/api/dataElements/umC9U5YGDq4",
      "id": "umC9U5YGDq4",
      "lastUpdated": "2014-12-21T18:15:51.344+0000",
      "legendSet": undefined,
      "legendSets": undefined,
      "name": "BS_COLL (N, DSD) TARGET: Blood Units Donated",
      "optionSet": undefined,
      "optionSetValue": undefined,
      "publicAccess": "--------",
      "shortName": "BS_COLL (N, DSD) TARGET",
      "translations": undefined,
      "url": "",
      "user": Object {
        "created": "2014-01-28T19:45:59.984+0000",
        "id": "kwwcGq36yOZ",
        "lastUpdated": "2015-01-02T12:20:56.567+0000",
        "name": "Jim Grace",
      },
      "userAccesses": undefined,
      "userGroupAccesses": Array [
        Object {
          "access": "r-------",
          "userGroupUid": "c6hGi8GEZot",
        },
      ],
      "valueType": undefined,
      "zeroIsSignificant": true,
    },
    Model {
      "access": Object {
        "delete": true,
        "externalize": false,
        "manage": true,
        "read": true,
        "update": true,
        "write": true,
      },
      "aggregationLevels": Array [],
      "aggregationType": undefined,
      "attributeValues": Array [],
      "categoryCombo": Object {
        "created": "2014-01-28T07:43:51.405+0000",
        "id": "bjDvmb4bfuf",
        "lastUpdated": "2014-10-05T13:08:02.114+0000",
        "name": "default",
      },
      "code": "BS_COLL_N_DSD",
      "commentOptionSet": undefined,
      "created": "2014-04-27T11:45:26.098+0000",
      "dataElementGroups": Array [
        Object {
          "created": "2014-09-11T19:16:30.177+0000",
          "id": "QGG1usDv9kb",
          "lastUpdated": "2014-12-30T05:36:05.353+0000",
          "name": "All SI - Strategic Information",
        },
      ],
      "dataSetElements": undefined,
      "description": "The total number of blood units that were donated in the country National Blood Transfusion Service (NBTS) network.",
      "dimensionItem": undefined,
      "dimensionItemType": undefined,
      "displayDescription": "The total number of blood units that were donated in the country National Blood Transfusion Service (NBTS) network.",
      "displayFormName": undefined,
      "displayName": "BS_COLL (N, DSD): Blood Units Donated",
      "displayShortName": "BS_COLL (N, DSD)",
      "domainType": "AGGREGATE",
      "externalAccess": false,
      "formName": undefined,
      "href": "http://localhost:8080/dhis/api/dataElements/NYXJu5vwbhN",
      "id": "NYXJu5vwbhN",
      "lastUpdated": "2014-12-30T04:14:50.406+0000",
      "legendSet": undefined,
      "legendSets": undefined,
      "name": "BS_COLL (N, DSD): Blood Units Donated",
      "optionSet": undefined,
      "optionSetValue": undefined,
      "publicAccess": "--------",
      "shortName": "BS_COLL (N, DSD)",
      "translations": undefined,
      "url": "",
      "user": Object {
        "created": "2014-01-28T20:15:25.978+0000",
        "id": "Ipjmc9acNPv",
        "lastUpdated": "2015-01-02T12:20:56.543+0000",
        "name": "Jorge Queipo",
      },
      "userAccesses": undefined,
      "userGroupAccesses": Array [
        Object {
          "access": "r-------",
          "userGroupUid": "c6hGi8GEZot",
        },
      ],
      "valueType": undefined,
      "zeroIsSignificant": true,
    },
    Model {
      "access": Object {
        "delete": true,
        "externalize": false,
        "manage": true,
        "read": true,
        "update": true,
        "write": true,
      },
      "aggregationLevels": Array [],
      "aggregationType": undefined,
      "attributeValues": Array [],
      "categoryCombo": Object {
        "created": "2014-01-28T07:43:51.405+0000",
        "id": "bjDvmb4bfuf",
        "lastUpdated": "2014-10-05T13:08:02.114+0000",
        "name": "default",
      },
      "code": "BS_COLL_N_DSD_NARRATIVE_TARGET",
      "commentOptionSet": undefined,
      "created": "2015-01-12T10:36:56.060+0000",
      "dataElementGroups": Array [],
      "dataSetElements": undefined,
      "description": "Target the total number of blood units that were donated in the country National Blood Transfusion Service (NBTS) network.",
      "dimensionItem": undefined,
      "dimensionItemType": undefined,
      "displayDescription": "Target the total number of blood units that were donated in the country National Blood Transfusion Service (NBTS) network.",
      "displayFormName": undefined,
      "displayName": "BS_COLL (N, DSD_NARRATIVE) TARGET: Blood Units Donated",
      "displayShortName": "BS_COLL (N, DSD_NARRATIVE) TARGET",
      "domainType": "AGGREGATE",
      "externalAccess": false,
      "formName": undefined,
      "href": "http://localhost:8080/dhis/api/dataElements/f2a9eOzfpR7",
      "id": "f2a9eOzfpR7",
      "lastUpdated": "2015-01-12T10:36:56.625+0000",
      "legendSet": undefined,
      "legendSets": undefined,
      "name": "BS_COLL (N, DSD_NARRATIVE) TARGET: Blood Units Donated",
      "optionSet": undefined,
      "optionSetValue": undefined,
      "publicAccess": "rw------",
      "shortName": "BS_COLL (N, DSD_NARRATIVE) TARGET",
      "translations": undefined,
      "url": "",
      "user": Object {
        "created": "2014-01-28T19:45:59.984+0000",
        "id": "kwwcGq36yOZ",
        "lastUpdated": "2015-01-02T12:20:56.567+0000",
        "name": "Jim Grace",
      },
      "userAccesses": undefined,
      "userGroupAccesses": Array [],
      "valueType": undefined,
      "zeroIsSignificant": true,
    },
    Model {
      "access": Object {
        "delete": true,
        "externalize": false,
        "manage": true,
        "read": true,
        "update": true,
        "write": true,
      },
      "aggregationLevels": Array [],
      "aggregationType": undefined,
      "attributeValues": Array [],
      "categoryCombo": Object {
        "created": "2014-01-28T07:43:51.405+0000",
        "id": "bjDvmb4bfuf",
        "lastUpdated": "2014-10-05T13:08:02.114+0000",
        "name": "default",
      },
      "code": "BS_COLL_N_DSD_NARRATIVE",
      "commentOptionSet": undefined,
      "created": "2014-10-07T08:21:22.652+0000",
      "dataElementGroups": Array [],
      "dataSetElements": undefined,
      "description": "The total number of blood units that were donated in the country National Blood Transfusion Service (NBTS) network.",
      "dimensionItem": undefined,
      "dimensionItemType": undefined,
      "displayDescription": "The total number of blood units that were donated in the country National Blood Transfusion Service (NBTS) network.",
      "displayFormName": undefined,
      "displayName": "BS_COLL (N, DSD_NARRATIVE): Blood Units Donated",
      "displayShortName": "BS_COLL (N, DSD NARRATIVE)",
      "domainType": "AGGREGATE",
      "externalAccess": false,
      "formName": undefined,
      "href": "http://localhost:8080/dhis/api/dataElements/Zh08CCOJSBD",
      "id": "Zh08CCOJSBD",
      "lastUpdated": "2014-12-30T04:14:43.120+0000",
      "legendSet": undefined,
      "legendSets": undefined,
      "name": "BS_COLL (N, DSD_NARRATIVE): Blood Units Donated",
      "optionSet": undefined,
      "optionSetValue": undefined,
      "publicAccess": "rw------",
      "shortName": "BS_COLL (N, DSD NARRATIVE)",
      "translations": undefined,
      "url": "",
      "user": Object {
        "created": "2014-01-28T20:15:25.978+0000",
        "id": "Ipjmc9acNPv",
        "lastUpdated": "2015-01-02T12:20:56.543+0000",
        "name": "Jorge Queipo",
      },
      "userAccesses": undefined,
      "userGroupAccesses": Array [],
      "valueType": undefined,
      "zeroIsSignificant": true,
    },
    Model {
      "access": Object {
        "delete": true,
        "externalize": false,
        "manage": true,
        "read": true,
        "update": true,
        "write": true,
      },
      "aggregationLevels": Array [],
      "aggregationType": undefined,
      "attributeValues": Array [],
      "categoryCombo": Object {
        "created": "2014-01-28T07:43:51.405+0000",
        "id": "bjDvmb4bfuf",
        "lastUpdated": "2014-10-05T13:08:02.114+0000",
        "name": "default",
      },
      "code": "BS_COLL_N_TA_TARGET",
      "commentOptionSet": undefined,
      "created": "2014-12-21T18:13:33.296+0000",
      "dataElementGroups": Array [],
      "dataSetElements": undefined,
      "description": "Target the total number of blood units that were donated in the country National Blood Transfusion Service (NBTS) network.",
      "dimensionItem": undefined,
      "dimensionItemType": undefined,
      "displayDescription": "Target the total number of blood units that were donated in the country National Blood Transfusion Service (NBTS) network.",
      "displayFormName": undefined,
      "displayName": "BS_COLL (N, TA) TARGET: Blood Units Donated",
      "displayShortName": "BS_COLL (N, TA) TARGET",
      "domainType": "AGGREGATE",
      "externalAccess": false,
      "formName": undefined,
      "href": "http://localhost:8080/dhis/api/dataElements/BZhXcbNa5ST",
      "id": "BZhXcbNa5ST",
      "lastUpdated": "2014-12-21T18:13:33.926+0000",
      "legendSet": undefined,
      "legendSets": undefined,
      "name": "BS_COLL (N, TA) TARGET: Blood Units Donated",
      "optionSet": undefined,
      "optionSetValue": undefined,
      "publicAccess": "--------",
      "shortName": "BS_COLL (N, TA) TARGET",
      "translations": undefined,
      "url": undefined,
      "user": Object {
        "created": "2014-01-28T19:45:59.984+0000",
        "id": "kwwcGq36yOZ",
        "lastUpdated": "2015-01-02T12:20:56.567+0000",
        "name": "Jim Grace",
      },
      "userAccesses": undefined,
      "userGroupAccesses": Array [
        Object {
          "access": "r-------",
          "userGroupUid": "c6hGi8GEZot",
        },
      ],
      "valueType": undefined,
      "zeroIsSignificant": true,
    },
  ],
  Object {
    "nextPage": "http://localhost:8080/dhis/api/dataElements?page=2&pageSize=5",
    "page": 1,
    "pageCount": 369,
    "query": Object {
      "fields": ":all",
      "filter": Array [
        "id:in:[id1,id2]",
      ],
    },
    "total": 1844,
  },
]
`;
